[driver] setup started
[driver] setup completed 3.569s
[driver] preflight started
[driver] preflight completed 0.318s
[driver] layout started
[driver] layout completed 0.000s
[driver] render started
[driver] render completed 1.171s
[driver] readback started
[driver] readback completed 3.027s
[driver] validate started
[driver] validate completed 7.819s
[driver] local_readback started
[driver] local_readback completed 19.675s
==== 校核驱动器 ====
工作区: /mnt/d/file/comac/组件库/.scratch/ready-work/final-evidence/project
preflight: cleared_for_layout
  轮1 布局=seed             回读=regenerated -> fail 6, warn 9
       FAIL V10 Actual endpoints disagree with input paths[2][0->1]: ['@CASE', '@PRESS', 'EDP-00
       FAIL V10 Actual endpoints disagree with input paths[3][0->1]: ['@CASE', '@PRESS', 'EMP-00
       FAIL V10 Visible geometry joins separate input networks: @CASE, @PRESS, CDF-001.inlet, ED
       FAIL V14 Distinct input networks touch at a terminal/T; a marker cannot legalize this con
       FAIL V14 Distinct input networks touch at a terminal/T; a marker cannot legalize this con
       FAIL V19 构图预算 B1：交叉 1 处 > 0，须改道消除
残差 V10 [round1]: Actual endpoints disagree with input paths[2][0->1]: ['@CASE', '@PRESS', 'EDP-001.pressure_out'] (unattached [])
残差 V10 [round1]: Actual endpoints disagree with input paths[3][0->1]: ['@CASE', '@PRESS', 'EMP-001.pressure_out'] (unattached [])
残差 V10 [round1]: Visible geometry joins separate input networks: @CASE, @PRESS, CDF-001.inlet, EDP-001.case_drain, EDP-001.pressure_out, EMP-001.case_drain, EMP-001.pressure_out, PF-001.inlet, PRV-002.inlet
残差 V14 [round1]: Distinct input networks touch at a terminal/T; a marker cannot legalize this connection
残差 V14 [round1]: Distinct input networks touch at a terminal/T; a marker cannot legalize this connection
残差 V19 [round1]: 构图预算 B1：交叉 1 处 > 0，须改道消除
局部回读: 128 个对象 / 62 张局部图，12.683s -> /mnt/d/file/comac/组件库/.scratch/ready-work/final-evidence/project/readback.html
结论: 残差上报，需人工/AI 介入  (37.2s, 报告 -> /mnt/d/file/comac/组件库/.scratch/ready-work/final-evidence/project/convergence-report.json)
