[driver] setup started
[driver] setup completed 3.013s
[driver] preflight started
[driver] preflight completed 0.266s
[driver] layout started
[driver] layout completed 0.000s
[driver] render started
[driver] render completed 0.568s
[driver] readback started
[driver] readback completed 2.827s
[driver] validate started
[driver] validate completed 3.598s
[driver] local_readback started
[driver] local_readback completed 7.611s
==== 校核驱动器 ====
工作区: /mnt/d/file/comac/组件库/.scratch/ready-work/final-evidence/small
preflight: cleared_for_layout
  轮1 布局=seed             回读=regenerated -> fail 0, warn 3
局部回读: 17 个对象 / 8 张局部图，4.987s -> /mnt/d/file/comac/组件库/.scratch/ready-work/final-evidence/small/readback.html
结论: 已执行校核零失败；交付证据未齐备（PERCEPTUAL, READBACK_ITEMS）  (19.1s, 报告 -> /mnt/d/file/comac/组件库/.scratch/ready-work/final-evidence/small/convergence-report.json)
